
> spinpapa@0.1.0 build
> next build

  Γû▓ Next.js 14.2.4
  - Environments: .env

   Creating an optimized production build ...
 Γ£ô Compiled successfully
   Linting and checking validity of types ...

./components/AccountEmailVerification.js
40:6  Warning: React Hook useEffect has a missing dependency: 'onSubmit'. Either include it or remove the dependency array.  react-hooks/exhaustive-deps

./components/AskCard.js
31:6  Warning: React Hook useEffect has a missing dependency: 'compute'. Either include it or remove the dependency array.  react-hooks/exhaustive-deps

./components/comments/CommentsPanel.js
20:6  Warning: React Hook useEffect has a missing dependency: 'fetchTopLevelComments'. Either include it or remove the dependency array.  react-hooks/exhaustive-deps

./components/ImageUpload.js
90:11  Warning: Image elements must have an alt prop, either with meaningful text, or an empty string for decorative images.  jsx-a11y/alt-text

./components/LeftSidebar.js
23:9  Warning: The 'isActive' function makes the dependencies of useMemo Hook (at line 38) change on every render. Move it inside the useMemo callback. Alternatively, wrap the definition of 'isActive' in its own useCallback() Hook.  react-hooks/exhaustive-deps

./components/qna/QuestionsPanel.js
43:6  Warning: React Hook useEffect has a missing dependency: 'loadQuestions'. Either include it or remove the dependency array.  react-hooks/exhaustive-deps

./components/QuizCard.js
37:6  Warning: React Hook useEffect has a missing dependency: 'alreadyAnswered'. Either include it or remove the dependency array.  react-hooks/exhaustive-deps

./components/QuizSegmentEditor.js
51:6  Warning: React Hook useEffect has a missing dependency: 'segData'. Either include it or remove the dependency array.  react-hooks/exhaustive-deps
343:25  Warning: Image elements must have an alt prop, either with meaningful text, or an empty string for decorative images.  jsx-a11y/alt-text

./components/SegmentListEditor.js
43:13  Warning: Image elements must have an alt prop, either with meaningful text, or an empty string for decorative images.  jsx-a11y/alt-text

./components/SettingsAdv.js
503:6  Warning: React Hook useEffect has missing dependencies: 'advOptions' and 'setSegData'. Either include them or remove the dependency array.  react-hooks/exhaustive-deps
663:23  Warning: Image elements must have an alt prop, either with meaningful text, or an empty string for decorative images.  jsx-a11y/alt-text

./components/useWheelSounds.js
108:5  Warning: React Hook useCallback has a missing dependency: 'stopTicking'. Either include it or remove the dependency array.  react-hooks/exhaustive-deps

./components/useWheelState.js
317:6  Warning: React Hook useEffect has missing dependencies: 'currentPath', 'saveWheelData', and 'setData'. Either include them or remove the dependency array.  react-hooks/exhaustive-deps
390:6  Warning: React Hook useEffect has missing dependencies: 'advancedOptions', 'currentPath', 'html', 'maxlengthOfSegmentText', 'newSegments', 'setData', 'setSegData', 'setWheelData', 'setWheelDescription', 'setWheelTitle', 'setWheelType', 'wheelData', 'wheelPresetSettings', and 'wheelTypeProp'. Either include them or remove the dependency array. If 'setSegTxtfontSize' needs the current value of 'newSegments', you can also switch to useReducer instead of useState and read 'newSegments' in the reducer.  react-hooks/exhaustive-deps

./components/WheelStatsBar.js
144:6  Warning: React Hook useEffect has a missing dependency: 'applyLocalSpin'. Either include it or remove the dependency array.  react-hooks/exhaustive-deps

./components/WinnerPopup.js
89:6  Warning: React Hook useEffect has a missing dependency: 'setShowCelebration'. Either include it or remove the dependency array. If 'setShowCelebration' changes too often, find the parent component that defines it and wrap that definition in useCallback.  react-hooks/exhaustive-deps

info  - Need to disable some ESLint rules? Learn more here: https://nextjs.org/docs/basic-features/eslint#disabling-rules
   Collecting page data ...
   Generating static pages (0/500) ...
node.exe : Error fetching wheels: n [Error]: Dynamic server usage: Route 
/api/admin/wheels-without-anime couldn't be rendered statically because it 
used `headers`. See more info here: 
https://nextjs.org/docs/messages/dynamic-server-error
At line:1 char:1
+ & "C:\Program Files\nodejs/node.exe" "C:\Program Files\nodejs/node_mo ...
+ ~~~~~~~~~~~~~~~~~~~~~~~~~~~~~~~~~~~~~~~~~~~~~~~~~~~~~~~~~~~~~~~~~~~~~
    + CategoryInfo          : NotSpecified: (Error fetching ...ic-server-error 
   :String) [], RemoteException
    + FullyQualifiedErrorId : NativeCommandError
 
    at l (D:\Projects\SpinWheel\.next\server\chunks\8948.js:1:37249)
    at d (D:\Projects\SpinWheel\.next\server\chunks\5209.js:30:26026)
    at s (D:\Projects\SpinWheel\.next\server\chunks\5209.js:30:19027)
    at m (D:\Projects\SpinWheel\.next\server\app\api\admin\wheels-without-anime
\route.js:1:1318)
    at D:\Projects\SpinWheel\node_modules\next\dist\compiled\next-server\app-ro
ute.runtime.prod.js:6:36264
    at 
D:\Projects\SpinWheel\node_modules\next\dist\server\lib\trace\tracer.js:140:36
    at NoopContextManager.with (D:\Projects\SpinWheel\node_modules\next\dist\co
mpiled\@opentelemetry\api\index.js:1:7062)
    at ContextAPI.with (D:\Projects\SpinWheel\node_modules\next\dist\compiled\@
opentelemetry\api\index.js:1:518)
    at NoopTracer.startActiveSpan (D:\Projects\SpinWheel\node_modules\next\dist
\compiled\@opentelemetry\api\index.js:1:18093)
    at ProxyTracer.startActiveSpan (D:\Projects\SpinWheel\node_modules\next\dis
t\compiled\@opentelemetry\api\index.js:1:18854) {
  description: "Route /api/admin/wheels-without-anime couldn't be rendered 
statically because it used `headers`. See more info here: 
https://nextjs.org/docs/messages/dynamic-server-error",
  digest: 'DYNAMIC_SERVER_USAGE'
}
Global feed fetch error: q [Error]: Dynamic server usage: Route 
/api/feed/global couldn't be rendered statically because it used 
`request.url`. See more info here: 
https://nextjs.org/docs/messages/dynamic-server-error
    at W (D:\Projects\SpinWheel\node_modules\next\dist\compiled\next-server\app
-route.runtime.prod.js:6:21106)
    at Object.get (D:\Projects\SpinWheel\node_modules\next\dist\compiled\next-s
erver\app-route.runtime.prod.js:6:28459)
    at u 
(D:\Projects\SpinWheel\.next\server\app\api\feed\global\route.js:1:598)
    at D:\Projects\SpinWheel\node_modules\next\dist\compiled\next-server\app-ro
ute.runtime.prod.js:6:36264
    at 
D:\Projects\SpinWheel\node_modules\next\dist\server\lib\trace\tracer.js:140:36
    at NoopContextManager.with (D:\Projects\SpinWheel\node_modules\next\dist\co
mpiled\@opentelemetry\api\index.js:1:7062)
    at ContextAPI.with (D:\Projects\SpinWheel\node_modules\next\dist\compiled\@
opentelemetry\api\index.js:1:518)
    at NoopTracer.startActiveSpan (D:\Projects\SpinWheel\node_modules\next\dist
\compiled\@opentelemetry\api\index.js:1:18093)
    at ProxyTracer.startActiveSpan (D:\Projects\SpinWheel\node_modules\next\dis
t\compiled\@opentelemetry\api\index.js:1:18854)
    at D:\Projects\SpinWheel\node_modules\next\dist\server\lib\trace\tracer.js:
122:103 {
  description: "Route /api/feed/global couldn't be rendered statically because 
it used `request.url`. See more info here: 
https://nextjs.org/docs/messages/dynamic-server-error",
  digest: 'DYNAMIC_SERVER_USAGE'
}
GET /api/wheel/all error: q [Error]: Dynamic server usage: Route /api/page/all 
couldn't be rendered statically because it used `request.url`. See more info 
here: https://nextjs.org/docs/messages/dynamic-server-error
    at W (D:\Projects\SpinWheel\node_modules\next\dist\compiled\next-server\app
-route.runtime.prod.js:6:21106)
    at Object.get (D:\Projects\SpinWheel\node_modules\next\dist\compiled\next-s
erver\app-route.runtime.prod.js:6:28459)
    at u (D:\Projects\SpinWheel\.next\server\app\api\page\all\route.js:1:661)
    at process.processTicksAndRejections 
(node:internal/process/task_queues:105:5)
    at async D:\Projects\SpinWheel\node_modules\next\dist\compiled\next-server\
app-route.runtime.prod.js:6:36258
    at async eR.execute (D:\Projects\SpinWheel\node_modules\next\dist\compiled\
next-server\app-route.runtime.prod.js:6:26874)
    at async eR.handle (D:\Projects\SpinWheel\node_modules\next\dist\compiled\n
ext-server\app-route.runtime.prod.js:6:37512)
    at async exportAppRoute 
(D:\Projects\SpinWheel\node_modules\next\dist\export\routes\app-route.js:77:26)
    at async exportPageImpl 
(D:\Projects\SpinWheel\node_modules\next\dist\export\worker.js:175:20)
    at async Span.traceAsyncFn 
(D:\Projects\SpinWheel\node_modules\next\dist\trace\trace.js:154:20) {
  description: "Route /api/page/all couldn't be rendered statically because it 
used `request.url`. See more info here: 
https://nextjs.org/docs/messages/dynamic-server-error",
  digest: 'DYNAMIC_SERVER_USAGE'
}
recommendation/anime error: q [Error]: Dynamic server usage: Route 
/api/recommendation/anime couldn't be rendered statically because it used 
`request.url`. See more info here: 
https://nextjs.org/docs/messages/dynamic-server-error
    at W (D:\Projects\SpinWheel\node_modules\next\dist\compiled\next-server\app
-route.runtime.prod.js:6:21106)
    at Object.get (D:\Projects\SpinWheel\node_modules\next\dist\compiled\next-s
erver\app-route.runtime.prod.js:6:28459)
    at d (D:\Projects\SpinWheel\.next\server\app\api\recommendation\anime\route
.js:29:519)
    at D:\Projects\SpinWheel\node_modules\next\dist\compiled\next-server\app-ro
ute.runtime.prod.js:6:36264
    at 
D:\Projects\SpinWheel\node_modules\next\dist\server\lib\trace\tracer.js:140:36
    at NoopContextManager.with (D:\Projects\SpinWheel\node_modules\next\dist\co
mpiled\@opentelemetry\api\index.js:1:7062)
    at ContextAPI.with (D:\Projects\SpinWheel\node_modules\next\dist\compiled\@
opentelemetry\api\index.js:1:518)
    at NoopTracer.startActiveSpan (D:\Projects\SpinWheel\node_modules\next\dist
\compiled\@opentelemetry\api\index.js:1:18093)
    at ProxyTracer.startActiveSpan (D:\Projects\SpinWheel\node_modules\next\dis
t\compiled\@opentelemetry\api\index.js:1:18854)
    at D:\Projects\SpinWheel\node_modules\next\dist\server\lib\trace\tracer.js:
122:103 {
  description: "Route /api/recommendation/anime couldn't be rendered 
statically because it used `request.url`. See more info here: 
https://nextjs.org/docs/messages/dynamic-server-error",
  digest: 'DYNAMIC_SERVER_USAGE'
}
GET /api/unifiedlist/all error: q [Error]: Dynamic server usage: Route 
/api/unifiedlist/all couldn't be rendered statically because it used 
`request.url`. See more info here: 
https://nextjs.org/docs/messages/dynamic-server-error
    at W (D:\Projects\SpinWheel\node_modules\next\dist\compiled\next-server\app
-route.runtime.prod.js:6:21106)
    at Object.get (D:\Projects\SpinWheel\node_modules\next\dist\compiled\next-s
erver\app-route.runtime.prod.js:6:28459)
    at d 
(D:\Projects\SpinWheel\.next\server\app\api\unifiedlist\all\route.js:1:702)
    at D:\Projects\SpinWheel\node_modules\next\dist\compiled\next-server\app-ro
ute.runtime.prod.js:6:36264
    at 
D:\Projects\SpinWheel\node_modules\next\dist\server\lib\trace\tracer.js:140:36
    at NoopContextManager.with (D:\Projects\SpinWheel\node_modules\next\dist\co
mpiled\@opentelemetry\api\index.js:1:7062)
    at ContextAPI.with (D:\Projects\SpinWheel\node_modules\next\dist\compiled\@
opentelemetry\api\index.js:1:518)
    at NoopTracer.startActiveSpan (D:\Projects\SpinWheel\node_modules\next\dist
\compiled\@opentelemetry\api\index.js:1:18093)
    at ProxyTracer.startActiveSpan (D:\Projects\SpinWheel\node_modules\next\dis
t\compiled\@opentelemetry\api\index.js:1:18854)
    at D:\Projects\SpinWheel\node_modules\next\dist\server\lib\trace\tracer.js:
122:103 {
  description: "Route /api/unifiedlist/all couldn't be rendered statically 
because it used `request.url`. See more info here: 
https://nextjs.org/docs/messages/dynamic-server-error",
  digest: 'DYNAMIC_SERVER_USAGE'
}
Error fetching reactions: n [Error]: Dynamic server usage: Route 
/api/reactiontest couldn't be rendered statically because it used `headers`. 
See more info here: https://nextjs.org/docs/messages/dynamic-server-error
    at l (D:\Projects\SpinWheel\.next\server\chunks\8948.js:1:37249)
    at d (D:\Projects\SpinWheel\.next\server\chunks\5209.js:30:26026)
    at s (D:\Projects\SpinWheel\.next\server\chunks\5209.js:30:19027)
    at y 
(D:\Projects\SpinWheel\.next\server\app\api\reactiontest\route.js:1:1363)
    at process.processTicksAndRejections 
(node:internal/process/task_queues:105:5)
    at async D:\Projects\SpinWheel\node_modules\next\dist\compiled\next-server\
app-route.runtime.prod.js:6:36258
    at async eR.execute (D:\Projects\SpinWheel\node_modules\next\dist\compiled\
next-server\app-route.runtime.prod.js:6:26874)
    at async eR.handle (D:\Projects\SpinWheel\node_modules\next\dist\compiled\n
ext-server\app-route.runtime.prod.js:6:37512)
    at async exportAppRoute 
(D:\Projects\SpinWheel\node_modules\next\dist\export\routes\app-route.js:77:26)
    at async exportPageImpl 
(D:\Projects\SpinWheel\node_modules\next\dist\export\worker.js:175:20) {
  description: "Route /api/reactiontest couldn't be rendered statically 
because it used `headers`. See more info here: 
https://nextjs.org/docs/messages/dynamic-server-error",
  digest: 'DYNAMIC_SERVER_USAGE'
}
GET /api/wheels/popular error: q [Error]: Dynamic server usage: Route 
/api/wheels/popular couldn't be rendered statically because it used 
`request.url`. See more info here: 
https://nextjs.org/docs/messages/dynamic-server-error
    at W (D:\Projects\SpinWheel\node_modules\next\dist\compiled\next-server\app
-route.runtime.prod.js:6:21106)
    at Object.get (D:\Projects\SpinWheel\node_modules\next\dist\compiled\next-s
erver\app-route.runtime.prod.js:6:28459)
    at d 
(D:\Projects\SpinWheel\.next\server\app\api\wheels\popular\route.js:1:659)
    at async D:\Projects\SpinWheel\node_modules\next\dist\compiled\next-server\
app-route.runtime.prod.js:6:36258
    at async eR.execute (D:\Projects\SpinWheel\node_modules\next\dist\compiled\
next-server\app-route.runtime.prod.js:6:26874)
    at async eR.handle (D:\Projects\SpinWheel\node_modules\next\dist\compiled\n
ext-server\app-route.runtime.prod.js:6:37512)
    at async exportAppRoute 
(D:\Projects\SpinWheel\node_modules\next\dist\export\routes\app-route.js:77:26)
    at async exportPageImpl 
(D:\Projects\SpinWheel\node_modules\next\dist\export\worker.js:175:20)
    at async Span.traceAsyncFn 
(D:\Projects\SpinWheel\node_modules\next\dist\trace\trace.js:154:20)
    at async Object.exportPage 
(D:\Projects\SpinWheel\node_modules\next\dist\export\worker.js:236:20) {
  description: "Route /api/wheels/popular couldn't be rendered statically 
because it used `request.url`. See more info here: 
https://nextjs.org/docs/messages/dynamic-server-error",
  digest: 'DYNAMIC_SERVER_USAGE'
}
   Generating static pages (125/500) 
   Generating static pages (250/500) 
   Generating static pages (375/500) 
 Γ£ô Generating static pages (500/500)
   Finalizing page optimization ...
   Collecting build traces ...

Route (app)                                           Size     First Load JS
Γöî Γùï /                                                 4.87 kB         110 kB
Γö£ Γùï /_not-found                                       157 B            88 kB
Γö£ ╞Æ /[type]                                           3.87 kB         107 kB
Γö£ ╞Æ /[type]/[slug]                                    234 B           111 kB
Γö£ ╞Æ /[type]/sitemap.xml                               0 B                0 B
Γö£ Γùï /about                                            156 B            88 kB
Γö£ ╞Æ /anime/[slug]                                     253 B           111 kB
Γö£ ╞Æ /api/account/change-password                      0 B                0 B
Γö£ ╞Æ /api/admin/ai-wheel-generator                     0 B                0 B
Γö£ ╞Æ /api/admin/ai-wheel-generator/create              0 B                0 B
Γö£ ╞Æ /api/admin/assign-related                         0 B                0 B
Γö£ ╞Æ /api/admin/migrate-lowercase-tags                 0 B                0 B
Γö£ ╞Æ /api/admin/migrate-related-topics                 0 B                0 B
Γö£ ╞Æ /api/admin/quiz-wheels                            0 B                0 B
Γö£ ╞Æ /api/admin/tags/seed                              0 B                0 B
Γö£ ╞Æ /api/admin/topicpage-tags                         0 B                0 B
Γö£ ╞Æ /api/admin/topicpage-tags/batch                   0 B                0 B
Γö£ ╞Æ /api/admin/wheel-preview                          0 B                0 B
Γö£ ╞Æ /api/admin/wheel-tags                             0 B                0 B
Γö£ ╞Æ /api/admin/wheel-tags/batch                       0 B                0 B
Γö£ ╞Æ /api/admin/wheels-to-pages                        0 B                0 B
Γö£ ╞Æ /api/admin/wheels-without-anime                   0 B                0 B
Γö£ ╞Æ /api/ai/ai-tags                                   0 B                0 B
Γö£ ╞Æ /api/ai/generate-json                             0 B                0 B
Γö£ ╞Æ /api/ai/generate-list                             0 B                0 B
Γö£ ╞Æ /api/ai/generate-quiz                             0 B                0 B
Γö£ ╞Æ /api/ai/generate-theme                            0 B                0 B
Γö£ ╞Æ /api/ai/generate-wheel                            0 B                0 B
Γö£ ╞Æ /api/ai/generate-words                            0 B                0 B
Γö£ ╞Æ /api/ai/rewrite-description                       0 B                0 B
Γö£ ╞Æ /api/ask                                          0 B                0 B
Γö£ ╞Æ /api/ask/[id]/vote                                0 B                0 B
Γö£ ╞Æ /api/auth/[...nextauth]                           0 B                0 B
Γö£ ╞Æ /api/auth/me                                      0 B                0 B
Γö£ ╞Æ /api/catalog/search                               0 B                0 B
Γö£ ╞Æ /api/comments                                     0 B                0 B
Γö£ ╞Æ /api/comments/[id]                                0 B                0 B
Γö£ ╞Æ /api/comments/count                               0 B                0 B
Γö£ ╞Æ /api/createFromCatalog                            0 B                0 B
Γö£ ╞Æ /api/createFromJSON                               0 B                0 B
Γö£ ╞Æ /api/createFromList                               0 B                0 B
Γö£ ╞Æ /api/createFromPrompt                             0 B                0 B
Γö£ ╞Æ /api/dashboard                                    0 B                0 B
Γö£ ╞Æ /api/decision-log                                 0 B                0 B
Γö£ ╞Æ /api/decision-log/[id]                            0 B                0 B
Γö£ ╞Æ /api/decisionlog/by-entity                        0 B                0 B
Γö£ ╞Æ /api/decisionlog/by-result                        0 B                0 B
Γö£ ╞Æ /api/feed/global                                  0 B                0 B
Γö£ ╞Æ /api/fix-tags                                     0 B                0 B
Γö£ ╞Æ /api/fix-tags/topicpages                          0 B                0 B
Γö£ ╞Æ /api/follow                                       0 B                0 B
Γö£ ╞Æ /api/history/list                                 0 B                0 B
Γö£ ╞Æ /api/history/visit                                0 B                0 B
Γö£ ╞Æ /api/migrate-tags                                 0 B                0 B
Γö£ ╞Æ /api/page                                         0 B                0 B
Γö£ ╞Æ /api/page/all                                     0 B                0 B
Γö£ ╞Æ /api/reactiontest                                 0 B                0 B
Γö£ ╞Æ /api/reactiontest/toggle                          0 B                0 B
Γö£ ╞Æ /api/recommendation/anime                         0 B                0 B
Γö£ ╞Æ /api/recommendation/movie                         0 B                0 B
Γö£ ╞Æ /api/related-wheels                               0 B                0 B
Γö£ ╞Æ /api/related-wheels/advanced                      0 B                0 B
Γö£ ╞Æ /api/reviews                                      0 B                0 B
Γö£ ╞Æ /api/suggested-wheels                             0 B                0 B
Γö£ ╞Æ /api/sync-tags-to-collection                      0 B                0 B
Γö£ Γùï /api/tags-data                                    0 B                0 B
Γö£ ╞Æ /api/tags/autocomplete                            0 B                0 B
Γö£ ╞Æ /api/tmdb/fetch                                   0 B                0 B
Γö£ ╞Æ /api/track-view                                   0 B                0 B
Γö£ ╞Æ /api/unifiedlist                                  0 B                0 B
Γö£ ╞Æ /api/unifiedlist/[id]                             0 B                0 B
Γö£ ╞Æ /api/unifiedlist/[id]/items                       0 B                0 B
Γö£ ╞Æ /api/unifiedlist/[id]/items/[itemId]              0 B                0 B
Γö£ ╞Æ /api/unifiedlist/all                              0 B                0 B
Γö£ ╞Æ /api/unifiedlist/by-entity                        0 B                0 B
Γö£ ╞Æ /api/upload-segment-image                         0 B                0 B
Γö£ ╞Æ /api/upload/image                                 0 B                0 B
Γö£ ╞Æ /api/user                                         0 B                0 B
Γö£ ╞Æ /api/user/settings                                0 B                0 B
Γö£ ╞Æ /api/wheel                                        0 B                0 B
Γö£ ╞Æ /api/wheel-analytics/[wheelId]                    0 B                0 B
Γö£ ╞Æ /api/wheel-analytics/spin                         0 B                0 B
Γö£ ╞Æ /api/wheel/[id]                                   0 B                0 B
Γö£ ╞Æ /api/wheel/[id]/meta                              0 B                0 B
Γö£ ╞Æ /api/wheel/search/[searchtitle]                   0 B                0 B
Γö£ ╞Æ /api/wheel/suggest                                0 B                0 B
Γö£ ╞Æ /api/wheel/user/[createdBy]                       0 B                0 B
Γö£ ╞Æ /api/wheels-by-tag                                0 B                0 B
Γö£ ╞Æ /api/wheels/[id]/spin-stories                     0 B                0 B
Γö£ ╞Æ /api/wheels/popular                               0 B                0 B
Γö£ ╞Æ /api/worthit/vote                                 0 B                0 B
Γö£ ╞Æ /character/[slug]                                 253 B           111 kB
Γö£ ╞Æ /dashboard                                        186 B           112 kB
Γö£ ╞Æ /dashboard/account                                1.48 kB        94.2 kB
Γö£ Γùï /dashboard/admin/migrate-lowercase-tags           2.88 kB        90.8 kB
Γö£ Γùï /dashboard/admin/migrate-related-topics           2.57 kB        90.5 kB
Γö£ Γùï /dashboard/admin/preview-generator                2.65 kB         101 kB
Γö£ Γùï /dashboard/admin/quiz-wheels                      5.12 kB         110 kB
Γö£ Γùï /dashboard/admin/topicpage-tags                   4.27 kB         102 kB
Γö£ Γùï /dashboard/admin/wheel-tags                       6.47 kB         105 kB
Γö£ Γùï /dashboard/admin/wheels-to-pages                  5.05 kB         103 kB
Γö£ ╞Æ /dashboard/decisions                              197 B           112 kB
Γö£ ╞Æ /dashboard/lists                                  197 B           112 kB
Γö£ ╞Æ /dashboard/wheels                                 197 B           112 kB
Γö£ ╞Æ /embed/[wheelId]                                  2.32 kB         108 kB
Γö£ ╞Æ /explore                                          6.92 kB         117 kB
Γö£ Γùï /faq                                              157 B            88 kB
Γö£ Γùï /forgot-password                                  5.23 kB         111 kB
Γö£ ╞Æ /game/[slug]                                      253 B           111 kB
Γö£ Γùï /lists                                            2.71 kB        97.4 kB
Γö£ ╞Æ /lists/[listId]                                   7.77 kB         106 kB
Γö£ Γùï /lists/create                                     2.52 kB        97.2 kB
Γö£ Γùï /login                                            5.6 kB          127 kB
Γö£ Γùï /manifest.webmanifest                             0 B                0 B
Γö£ ╞Æ /movie/[slug]                                     253 B           111 kB
Γö£ Γùï /privacy-policy                                   157 B            88 kB
Γö£ Γùï /recommendation                                   5.21 kB        93.1 kB
Γö£ Γùï /recommendation/movie                             3.36 kB        91.3 kB
Γö£ Γùï /register                                         6.65 kB         128 kB
Γö£ Γùï /reset-password                                   5.74 kB         112 kB
Γö£ Γùï /robots.txt                                       0 B                0 B
Γö£ Γùï /search                                           301 B            95 kB
Γö£ ╞Æ /search/[titlesearch]                             5.44 kB         127 kB
Γö£ Γùï /sitemap.xml                                      0 B                0 B
Γö£ Γùï /tags                                             2.91 kB        97.6 kB
Γö£ ΓùÅ /tags/[tagId]                                     7.89 kB         123 kB
Γö£   Γö£ /tags/characters
Γö£   Γö£ /tags/gaming
Γö£   Γö£ /tags/anime
Γö£   Γöö [+97 more paths]
Γö£ Γùï /terms                                            156 B            88 kB
Γö£ ╞Æ /uwheels/[wheelId]                                159 B           131 kB
Γö£ Γùï /verify/new-email                                 3.13 kB         105 kB
Γö£ Γùï /wheels                                           3.46 kB        98.1 kB
Γö£ ΓùÅ /wheels/[slug]                                    159 B           131 kB
Γö£   Γö£ /wheels/ipl-team-player-picker
Γö£   Γö£ /wheels/anime-hair-colour-options-picker-wheel
Γö£   Γö£ /wheels/among-us-rules-picker-wheel
Γö£   Γöö [+297 more paths]
Γöö ╞Æ /wheels/sitemap.xml                               0 B                0 B
+ First Load JS shared by all                         87.9 kB
  Γö£ chunks/7023-87bb5492e379e283.js                   31.7 kB
  Γö£ chunks/fd9d1056-4d7ab950d23d70c2.js               53.6 kB
  Γöö other shared chunks (total)                       2.57 kB


Γùï  (Static)   prerendered as static content
ΓùÅ  (SSG)      prerendered as static HTML (uses getStaticProps)
╞Æ  (Dynamic)  server-rendered on demand

